[preview.uideck.com/items/cryptoland/index.html]
[backblue.gif]
[fade.gif]
[index.html]
[preview.uideck.com/items/cryptoland/assets/images/favicon.svg]
[preview.uideck.com/items/cryptoland/assets/css/bootstrap.min.css]
[preview.uideck.com/items/cryptoland/assets/css/LineIcons.3.0.css]
[preview.uideck.com/items/cryptoland/assets/css/animate.css]
[preview.uideck.com/items/cryptoland/assets/css/tiny-slider.css]
[preview.uideck.com/items/cryptoland/assets/css/glightbox.min.css]
[preview.uideck.com/items/cryptoland/assets/css/main.css]
[preview.uideck.com/items/cryptoland/index-2.html]
[preview.uideck.com/items/cryptoland/assets/images/logo/white-logo.svg]
[preview.uideck.com/items/cryptoland/about-us.html]
[preview.uideck.com/items/cryptoland/signin.html]
[preview.uideck.com/items/cryptoland/signup.html]
[preview.uideck.com/items/cryptoland/reset-password.html]
[preview.uideck.com/items/cryptoland/mail-success.html]
[preview.uideck.com/items/cryptoland/blog-grid.html]
[preview.uideck.com/items/cryptoland/blog-single.html]
[preview.uideck.com/items/cryptoland/contact.html]
[preview.uideck.com/items/cryptoland/assets/images/hero/hero-shape.svg]
[preview.uideck.com/items/cryptoland/404.html]
[preview.uideck.com/items/cryptoland/assets/images/hero/text-shape.svg]
[preview.uideck.com/items/cryptoland/assets/images/hero/home2-bg.png]
[preview.uideck.com/items/cryptoland/assets/images/hero/h2-bit-l.png]
[preview.uideck.com/items/cryptoland/assets/images/hero/h2-bit-m.png]
[preview.uideck.com/items/cryptoland/assets/images/hero/h2-bit-s.png]
[preview.uideck.com/items/cryptoland/assets/images/features/feature-icon-1.png]
[preview.uideck.com/items/cryptoland/assets/images/features/feature-icon-2.png]
[preview.uideck.com/items/cryptoland/assets/images/features/feature-icon-3.png]
[preview.uideck.com/items/cryptoland/assets/images/team/team4.jpg]
[preview.uideck.com/items/cryptoland/assets/images/team/team1.jpg]
[preview.uideck.com/items/cryptoland/assets/images/team/team2.jpg]
[preview.uideck.com/items/cryptoland/assets/images/team/team3.jpg]
[preview.uideck.com/items/cryptoland/assets/images/video/shape1.svg]
[preview.uideck.com/items/cryptoland/assets/images/video/shape2.svg]
[preview.uideck.com/items/cryptoland/assets/images/testimonial/testi-1.png]
[preview.uideck.com/items/cryptoland/assets/images/testimonial/testi-2.png]
[preview.uideck.com/items/cryptoland/assets/images/testimonial/testi-3.png]
[preview.uideck.com/items/cryptoland/assets/images/blog/blog-1.png]
[preview.uideck.com/items/cryptoland/assets/images/blog/blog-2.png]
[preview.uideck.com/items/cryptoland/assets/images/blog/blog-3.png]
[preview.uideck.com/items/cryptoland/assets/js/bootstrap.min.js]
[preview.uideck.com/items/cryptoland/assets/js/wow.min.js]
[preview.uideck.com/items/cryptoland/assets/js/tiny-slider.js]
[preview.uideck.com/items/cryptoland/assets/js/glightbox.min.js]
[preview.uideck.com/items/cryptoland/assets/js/count-up.min.js]
[preview.uideck.com/items/cryptoland/assets/js/main.js]
[preview.uideck.com/items/cryptoland/index.html]
[preview.uideck.com/items/cryptoland/assets/images/favicon.svg]
[preview.uideck.com/items/cryptoland/assets/css/bootstrap.min.css]
[preview.uideck.com/items/cryptoland/assets/fonts/LineIcons.eot]
[preview.uideck.com/items/cryptoland/assets/fonts/LineIcons.woff2]
[preview.uideck.com/items/cryptoland/assets/fonts/LineIcons.ttf]
[preview.uideck.com/items/cryptoland/assets/css/LineIcons.3.0.css]
[preview.uideck.com/items/cryptoland/assets/css/animate.css]
[preview.uideck.com/items/cryptoland/assets/css/tiny-slider.css]
[preview.uideck.com/items/cryptoland/assets/css/glightbox.min.css]
[preview.uideck.com/items/cryptoland/assets/fonts/LineIcons.svg]
[preview.uideck.com/items/cryptoland/assets/images/bread-bg/banner-bg.svg]
[preview.uideck.com/items/cryptoland/assets/css/main.css]
[preview.uideck.com/items/cryptoland/index-2.html]
[preview.uideck.com/items/cryptoland/assets/images/logo/white-logo.svg]
[preview.uideck.com/items/cryptoland/assets/images/road-map/bg.png]
[preview.uideck.com/items/cryptoland/assets/images/about/about-image.png]
[preview.uideck.com/items/cryptoland/assets/images/client-logo/graygrids-logo.svg]
[preview.uideck.com/items/cryptoland/assets/images/client-logo/lineicons-logo.svg]
[preview.uideck.com/items/cryptoland/assets/images/client-logo/ayro-logo.svg]
[preview.uideck.com/items/cryptoland/about-us.html]
[preview.uideck.com/items/cryptoland/assets/images/client-logo/uideck-logo.svg]
[preview.uideck.com/items/cryptoland/assets/images/account-login/google.png]
[preview.uideck.com/items/cryptoland/signin.html]
[preview.uideck.com/items/cryptoland/signup.html]
[preview.uideck.com/items/cryptoland/reset-password.html]
[preview.uideck.com/items/cryptoland/mail-success.html]
[preview.uideck.com/items/cryptoland/404.html]
[preview.uideck.com/items/cryptoland/blog-grid.html]
[preview.uideck.com/items/cryptoland/assets/images/blog/blog-single.jpg]
[preview.uideck.com/items/cryptoland/assets/images/blog/blog-inner1.jpg]
[preview.uideck.com/items/cryptoland/assets/images/blog/blog-inner2.jpg]
[preview.uideck.com/items/cryptoland/assets/images/blog/comment1.jpg]
[preview.uideck.com/items/cryptoland/assets/fonts/LineIcons.woff]
[preview.uideck.com/items/cryptoland/blog-single.html]
[preview.uideck.com/items/cryptoland/assets/images/blog/comment2.jpg]
[preview.uideck.com/items/cryptoland/contact.html]
[preview.uideck.com/items/cryptoland/assets/images/hero/hero-shape.svg]
[preview.uideck.com/items/cryptoland/assets/images/hero/text-shape.svg]
[preview.uideck.com/items/cryptoland/assets/images/video/shape1.svg]
[preview.uideck.com/items/cryptoland/assets/images/video/shape2.svg]
[preview.uideck.com/items/cryptoland/assets/fonts/LineIcons.svg]
[preview.uideck.com/items/cryptoland/assets/images/bread-bg/banner-bg.svg]
[preview.uideck.com/items/cryptoland/assets/images/client-logo/graygrids-logo.svg]
[preview.uideck.com/items/cryptoland/assets/images/client-logo/lineicons-logo.svg]
[preview.uideck.com/items/cryptoland/assets/images/client-logo/ayro-logo.svg]
[preview.uideck.com/items/cryptoland/assets/images/client-logo/uideck-logo.svg]
